≡ƒÜÇ Starting Optimization Test
   Concurrent Searches: 4
   Concurrent LLM: 10
   Total Names: 40
   VIPs present: True
[PIPELINE] Starting DYNAMIC BATCHING mode
[PIPELINE] Total: 40 names, Search batch: 15, LLM batch: 15
[PIPELINE] Using enhanced search, Dataset profile: high_connection

[PIPELINE] ===== SEARCH BATCH 1/3 =====
[PIPELINE] Names: Carolyn Bertozzi, Douglas Diamond, Herbert C. Brown, Anthony J Leggett, Esther Duflo, Daniel L McFadden, Ei-ichi Negishi, Vernon L. Smith, Carl D Anderson, Wolfgang Pauli, Dudley R Herschbach, Akira Suzuki, Daniel C Tsui, Christiaan Eijkman, Paul C Lauterbur
[SEARCH] Running parallel searches for 15 names (max 4 concurrent)...
[PROGRESS] Starting search for: Esther Duflo
[PROGRESS] Name: 'Esther Duflo' | Query: 'Esther Duflo "Purdue University"'
[PROGRESS] Starting search for: Daniel L McFadden
[PROGRESS] Name: 'Daniel L McFadden' | Query: 'Daniel L McFadden "Purdue University"'
[PROGRESS] Starting search for: Anthony J Leggett
[PROGRESS] Name: 'Anthony J Leggett' | Query: 'Anthony J Leggett "Purdue University"'
[PROGRESS] Starting search for: Wolfgang Pauli
[PROGRESS] Name: 'Wolfgang Pauli' | Query: 'Wolfgang Pauli "Purdue University"'
[PROGRESS] Result sample: wikipedia.org https://en.wikipedia.org ΓÇ║ wiki ΓÇ║ Wolfgang
[PROGRESS] Basic search returned 10 results, low quality (max_score=1), escalating to enhanced search...
[PROGRESS] Result sample: wikipedia.org https://en.m.wikipedia.org ΓÇ║ wiki ΓÇ║ Daniel_(biblical_figure)
[PROGRESS] Basic search returned 11 results, low quality (max_score=1), escalating to enhanced search...
[PROGRESS] Result sample: anthonys.com https://www.anthonys.com
[PROGRESS] Basic search returned 10 results, low quality (max_score=1), escalating to enhanced search...
[PROGRESS] Result sample: wikipedia.org https://en.wikipedia.org ΓÇ║ wiki ΓÇ║ Esther
[PROGRESS] Basic search returned 11 results, low quality (max_score=1), escalating to enhanced search...
[PROGRESS] Search completed for Wolfgang Pauli in 62.9s, found 9 results
[PROGRESS] Starting search for: Herbert C. Brown
[PROGRESS] Name: 'Herbert C. Brown' | Query: 'Herbert C. Brown "Purdue University"'
[PROGRESS] Search completed for Daniel L McFadden in 64.5s, found 8 results
[PROGRESS] Starting search for: Carl D Anderson
[PROGRESS] Name: 'Carl D Anderson' | Query: 'Carl D Anderson "Purdue University"'
[PROGRESS] Search completed for Esther Duflo in 65.4s, found 8 results
[PROGRESS] Starting search for: Daniel C Tsui
[PROGRESS] Name: 'Daniel C Tsui' | Query: 'Daniel C Tsui "Purdue University"'
[PROGRESS] Search completed for Anthony J Leggett in 64.6s, found 9 results
[PROGRESS] Starting search for: Ei-ichi Negishi
[PROGRESS] Name: 'Ei-ichi Negishi' | Query: 'Ei-ichi Negishi "Purdue University"'
[PROGRESS] Result sample: wikipedia.org https://en.m.wikipedia.org ΓÇ║ wiki ΓÇ║ Justin_Herbert
[PROGRESS] Basic search returned 10 results, low quality (max_score=1), escalating to enhanced search...
[PROGRESS] Result sample: microsoft.com https://www.microsoft.com ΓÇ║ en
[PROGRESS] Basic search returned 9 results, low quality (max_score=1), escalating to enhanced search...
[PROGRESS] Result sample: wikipedia.org https://en.m. wikipedia.org ΓÇ║ wiki ΓÇ║ Daniel _(biblical_figure)
[PROGRESS] Basic search returned 10 results, low quality (max_score=1), escalating to enhanced search...
[PROGRESS] Result sample: wikipedia.org https://en.m.wikipedia.org ΓÇ║ wiki ΓÇ║ Emotional_intelligence
[PROGRESS] Basic search returned 10 results, low quality (max_score=2), escalating to enhanced search...
[ERROR] Search timed out for Herbert C. Brown after 45.0s (limit: 45.0s)
[PROGRESS] Starting search for: Dudley R Herschbach
[PROGRESS] Name: 'Dudley R Herschbach' | Query: 'Dudley R Herschbach "Purdue University"'
[ERROR] Search timed out for Carl D Anderson after 45.0s (limit: 45.0s)
[PROGRESS] Starting search for: Christiaan Eijkman
[PROGRESS] Name: 'Christiaan Eijkman' | Query: 'Christiaan Eijkman "Purdue University"'
[ERROR] Search timed out for Daniel C Tsui after 45.0s (limit: 45.0s)
[PROGRESS] Starting search for: Vernon L. Smith
[PROGRESS] Name: 'Vernon L. Smith' | Query: 'Vernon L. Smith "Purdue University"'
[PROGRESS] Search completed for Ei-ichi Negishi in 62.1s, found 8 results
[PROGRESS] Starting search for: Paul C Lauterbur
[PROGRESS] Name: 'Paul C Lauterbur' | Query: 'Paul C Lauterbur "Purdue University"'
[PROGRESS] Result sample: dudleyq.com https://shop. dudley q.com
[PROGRESS] Basic search returned 10 results, low quality (max_score=4), escalating to enhanced search...
[PROGRESS] Result sample: wikipedia.org https://en.m.wikipedia.org ΓÇ║ wiki ΓÇ║ Vernon,_California
[PROGRESS] Basic search returned 13 results, low quality (max_score=2), escalating to enhanced search...
[PROGRESS] Result sample: target.com https://www. target .com ΓÇ║ sl ΓÇ║ joliet
[PROGRESS] Basic search returned 11 results, low quality (max_score=1), escalating to enhanced search...
[PROGRESS] Result sample: paul.fr https://www.paul.fr ΓÇ║ patisserie
[PROGRESS] Basic search returned 10 results, low quality (max_score=1), escalating to enhanced search...
[ERROR] Search timed out for Dudley R Herschbach after 45.0s (limit: 45.0s)
[PROGRESS] Starting search for: Akira Suzuki
[PROGRESS] Name: 'Akira Suzuki' | Query: 'Akira Suzuki "Purdue University"'
[ERROR] Search timed out for Vernon L. Smith after 45.0s (limit: 45.0s)
[PROGRESS] Starting search for: Carolyn Bertozzi
[PROGRESS] Name: 'Carolyn Bertozzi' | Query: 'Carolyn Bertozzi "Purdue University"'
[ERROR] Search timed out for Paul C Lauterbur after 45.0s (limit: 45.0s)
[PROGRESS] Starting search for: Douglas Diamond
[PROGRESS] Name: 'Douglas Diamond' | Query: 'Douglas Diamond "Purdue University"'
[PROGRESS] Search completed for Christiaan Eijkman in 63.3s, found 14 results
[PROGRESS] Result sample: shopakira.com https://shopakira.com
[PROGRESS] Basic search returned 10 results, low quality (max_score=1), escalating to enhanced search...
[PROGRESS] Result sample: wikipedia.org https:// en.wikipedia.org ΓÇ║ wiki ΓÇ║ Carolyn
[PROGRESS] Basic search returned 11 results, low quality (max_score=2), escalating to enhanced search...
[PROGRESS] Result sample: douglascuddletoy.com https://douglascuddletoy.com
[PROGRESS] Basic search returned 10 results, low quality (max_score=4), escalating to enhanced search...
[ERROR] Search timed out for Akira Suzuki after 45.0s (limit: 45.0s)
[ERROR] Search timed out for Carolyn Bertozzi after 45.0s (limit: 45.0s)
[ERROR] Search timed out for Douglas Diamond after 45.0s (limit: 45.0s)
[SEARCH] Search failed for Carolyn Bertozzi: Search exceeded 45.0s timeout
[SEARCH] Search failed for Douglas Diamond: Search exceeded 45.0s timeout
[SEARCH] Search failed for Herbert C. Brown: Search exceeded 45.0s timeout
[SEARCH] Search succeeded for Anthony J Leggett: 9 results
[SEARCH] Search succeeded for Esther Duflo: 8 results
[SEARCH] Search succeeded for Daniel L McFadden: 8 results
[SEARCH] Search succeeded for Ei-ichi Negishi: 8 results
[SEARCH] Search failed for Vernon L. Smith: Search exceeded 45.0s timeout
[SEARCH] Search failed for Carl D Anderson: Search exceeded 45.0s timeout
[SEARCH] Search succeeded for Wolfgang Pauli: 9 results
[SEARCH] Search failed for Dudley R Herschbach: Search exceeded 45.0s timeout
[SEARCH] Search failed for Akira Suzuki: Search exceeded 45.0s timeout
[SEARCH] Search failed for Daniel C Tsui: Search exceeded 45.0s timeout
[SEARCH] Search succeeded for Christiaan Eijkman: 14 results
[SEARCH] Search failed for Paul C Lauterbur: Search exceeded 45.0s timeout
[SKIP-EVAL] Evaluating skip logic for 15 names (dataset_profile=high_connection)...
[SKIP] Skipped: Anthony J Leggett - Smart skip: very low relevance (score=1, no Purdue mentions)
[ACCUM] Added Esther Duflo to LLM batch (accumulated: 1)
[ACCUM] Added Daniel L McFadden to LLM batch (accumulated: 2)
[VIP-TRACE] Ei-ichi Negishi: 8 results, max_score=17.0, purdue_mentions=0, .edu_hits=0
[VIP-TRACE] Ei-ichi Negishi: skip=False, reason=None
[ACCUM] Added Ei-ichi Negishi to LLM batch (accumulated: 3)
[VIP-TRACE] Wolfgang Pauli: 9 results, max_score=9.0, purdue_mentions=0, .edu_hits=0
[VIP-TRACE] Wolfgang Pauli: skip=False, reason=None
[ACCUM] Added Wolfgang Pauli to LLM batch (accumulated: 4)
[SKIP] Skipped: Christiaan Eijkman - Smart skip: very low relevance (score=1, no Purdue mentions)
[SEARCH-BATCH] Completed in 219.8s - Skipped: 2, Accumulated: 4
[PIPELINE] Waiting 0.5s before next search batch...

[PIPELINE] ===== SEARCH BATCH 2/3 =====
[PIPELINE] Names: Alvin E Roth, Andrew V Schally, Edwin M McMillan, Paul A M Dirac, Aaron Klug, Ben Bernanke, Julian Schwinger, Bruce Merrifield, E. M. Purcell, Eisaku Sato, Carl Spitteler, Ben R. Mottelson, Baruch S Blumberg, Alan Heeger, John B. Fenn
[SEARCH] Running parallel searches for 15 names (max 4 concurrent)...
[PROGRESS] Starting search for: Ben R. Mottelson
[PROGRESS] Name: 'Ben R. Mottelson' | Query: 'Ben R. Mottelson "Purdue University"'
[PROGRESS] Starting search for: Alan Heeger
[PROGRESS] Name: 'Alan Heeger' | Query: 'Alan Heeger "Purdue University"'
[PROGRESS] Starting search for: Paul A M Dirac
[PROGRESS] Name: 'Paul A M Dirac' | Query: 'Paul A M Dirac "Purdue University"'
[PROGRESS] Starting search for: Ben Bernanke
[PROGRESS] Name: 'Ben Bernanke' | Query: 'Ben Bernanke "Purdue University"'
[PROGRESS] Result sample: wikipedia.org https://en.wikipedia.org ΓÇ║ wiki ΓÇ║ Alan_(given_name)
[PROGRESS] Basic search returned 9 results, low quality (max_score=1), escalating to enhanced search...
[PROGRESS] Result sample: paul.fr https://www.paul.fr ΓÇ║ patisserie
[PROGRESS] Basic search returned 10 results, low quality (max_score=1), escalating to enhanced search...
[PROGRESS] Result sample: ben.nl https://www.ben.nl
[PROGRESS] Basic search returned 10 results, low quality (max_score=1), escalating to enhanced search...
[PROGRESS] Result sample: ben.nl https://www.ben.nl
[PROGRESS] Basic search returned 10 results, low quality (max_score=1), escalating to enhanced search...
[ERROR] Search timed out for Alan Heeger after 45.0s (limit: 45.0s)
[PROGRESS] Starting search for: Aaron Klug
[PROGRESS] Name: 'Aaron Klug' | Query: 'Aaron Klug "Purdue University"'
[ERROR] Search timed out for Paul A M Dirac after 45.0s (limit: 45.0s)
[PROGRESS] Starting search for: Eisaku Sato
[PROGRESS] Name: 'Eisaku Sato' | Query: 'Eisaku Sato "Purdue University"'
[PROGRESS] Search completed for Ben R. Mottelson in 63.8s, found 9 results
[PROGRESS] Starting search for: Baruch S Blumberg
[PROGRESS] Name: 'Baruch S Blumberg' | Query: 'Baruch S Blumberg "Purdue University"'
[PROGRESS] Search completed for Ben Bernanke in 63.7s, found 9 results
[PROGRESS] Starting search for: Carl Spitteler
[PROGRESS] Name: 'Carl Spitteler' | Query: 'Carl Spitteler "Purdue University"'
[PROGRESS] Result sample: wikipedia.org https://en.wikipedia.org ΓÇ║ wiki ΓÇ║ Aaron
[PROGRESS] Basic search returned 10 results, low quality (max_score=1), escalating to enhanced search...
[PROGRESS] Result sample: spectrum.net https://community.spectrum.net ΓÇ║ discussion ΓÇ║ access-my-email-accou
[PROGRESS] Basic search returned 10 results, low quality (max_score=1), escalating to enhanced search...
[PROGRESS] Basic search returned 0 results, few results, escalating to enhanced search...
[PROGRESS] Result sample: ╒ì╒╕i╤╡e╨│╤ò╤ût╤â of Ma╨│╤âl╨░n╘ü Gl╬┐b╨░l ╨íamp╧às https://www.umgc.edu ΓÇ║ Online ΓÇ║ Degrees
[PROGRESS] Basic search returned 7 results, low quality (max_score=4), escalating to enhanced search...
[ERROR] Search timed out for Aaron Klug after 45.0s (limit: 45.0s)
[PROGRESS] Starting search for: John B. Fenn
[PROGRESS] Name: 'John B. Fenn' | Query: 'John B. Fenn "Purdue University"'
[PROGRESS] Search completed for Eisaku Sato in 61.3s, found 16 results
[PROGRESS] Starting search for: E. M. Purcell
[PROGRESS] Name: 'E. M. Purcell' | Query: 'E. M. Purcell "Purdue University"'
[ERROR] Search timed out for Baruch S Blumberg after 45.0s (limit: 45.0s)
[PROGRESS] Starting search for: Edwin M McMillan
[PROGRESS] Name: 'Edwin M McMillan' | Query: 'Edwin M McMillan "Purdue University"'
[ERROR] Search timed out for Carl Spitteler after 45.0s (limit: 45.0s)
[PROGRESS] Starting search for: Julian Schwinger
[PROGRESS] Name: 'Julian Schwinger' | Query: 'Julian Schwinger "Purdue University"'
[PROGRESS] Basic search returned 0 results, few results, escalating to enhanced search...
[PROGRESS] Result sample: eonline.com https:// www.eonline.com
[PROGRESS] Basic search returned 9 results, low quality (max_score=1), escalating to enhanced search...
[PROGRESS] Result sample: edwin.app https://www. edwin .app
[PROGRESS] Basic search returned 10 results, low quality (max_score=1), escalating to enhanced search...
[PROGRESS] Result sample: visitjulian.com https://visitjulian.com
[PROGRESS] Basic search returned 10 results, low quality (max_score=1), escalating to enhanced search...
[ERROR] Search timed out for John B. Fenn after 45.0s (limit: 45.0s)
[PROGRESS] Starting search for: Bruce Merrifield
[PROGRESS] Name: 'Bruce Merrifield' | Query: 'Bruce Merrifield "Purdue University"'
[ERROR] Search timed out for E. M. Purcell after 45.0s (limit: 45.0s)
[PROGRESS] Starting search for: Alvin E Roth
[PROGRESS] Name: 'Alvin E Roth' | Query: 'Alvin E Roth "Purdue University"'
[ERROR] Search timed out for Edwin M McMillan after 45.0s (limit: 45.0s)
[PROGRESS] Starting search for: Andrew V Schally
[PROGRESS] Name: 'Andrew V Schally' | Query: 'Andrew V Schally "Purdue University"'
[ERROR] Search timed out for Julian Schwinger after 45.0s (limit: 45.0s)
[PROGRESS] Result sample: wikipedia.org https://en.wikipedia.org ΓÇ║ wiki ΓÇ║ Bruce_Springsteen
[PROGRESS] Basic search returned 8 results, low quality (max_score=1), escalating to enhanced search...
[PROGRESS] Result sample: Alvin and the Chipmunks - Wikipedia
[PROGRESS] Basic search returned 2 results, few results, escalating to enhanced search...
[PROGRESS] Result sample: wikipedia.org https://en.m.wikipedia.org ΓÇ║ wiki ΓÇ║ Andrew_Mountbatten-Windsor
[PROGRESS] Basic search returned 11 results, low quality (max_score=1), escalating to enhanced search...
[ERROR] Search timed out for Bruce Merrifield after 45.0s (limit: 45.0s)
[ERROR] Search timed out for Alvin E Roth after 45.0s (limit: 45.0s)
[ERROR] Search timed out for Andrew V Schally after 45.0s (limit: 45.0s)
[SEARCH] Search failed for Alvin E Roth: Search exceeded 45.0s timeout
[SEARCH] Search failed for Andrew V Schally: Search exceeded 45.0s timeout
[SEARCH] Search failed for Edwin M McMillan: Search exceeded 45.0s timeout
[SEARCH] Search failed for Paul A M Dirac: Search exceeded 45.0s timeout
[SEARCH] Search failed for Aaron Klug: Search exceeded 45.0s timeout
[SEARCH] Search succeeded for Ben Bernanke: 9 results
[SEARCH] Search failed for Julian Schwinger: Search exceeded 45.0s timeout
[SEARCH] Search failed for Bruce Merrifield: Search exceeded 45.0s timeout
[SEARCH] Search failed for E. M. Purcell: Search exceeded 45.0s timeout
[SEARCH] Search succeeded for Eisaku Sato: 16 results
[SEARCH] Search failed for Carl Spitteler: Search exceeded 45.0s timeout
[SEARCH] Search succeeded for Ben R. Mottelson: 9 results
[SEARCH] Search failed for Baruch S Blumberg: Search exceeded 45.0s timeout
[SEARCH] Search failed for Alan Heeger: Search exceeded 45.0s timeout
[SEARCH] Search failed for John B. Fenn: Search exceeded 45.0s timeout
[SKIP-EVAL] Evaluating skip logic for 15 names (dataset_profile=high_connection)...
[SKIP] Skipped: Ben Bernanke - Smart skip: very low relevance (score=1, no Purdue mentions)
[ACCUM] Added Eisaku Sato to LLM batch (accumulated: 5)
[VIP-TRACE] Ben R. Mottelson: 9 results, max_score=1.0, purdue_mentions=0, .edu_hits=0
[VIP-TRACE] Ben R. Mottelson: skip=True, reason=Smart skip: very low relevance (score=1, no Purdue mentions)
[SKIP] Skipped: Ben R. Mottelson - Smart skip: very low relevance (score=1, no Purdue mentions)
[SEARCH-BATCH] Completed in 200.9s - Skipped: 2, Accumulated: 1
[PIPELINE] Waiting 0.5s before next search batch...

[PIPELINE] ===== SEARCH BATCH 3/3 =====
[PIPELINE] Names: Abiy Ahmed Ali, Aleksey Yekimov, Filler Person 32, Filler Person 33, Filler Person 34, Filler Person 35, Filler Person 36, Filler Person 37, Filler Person 38, Filler Person 39
[SEARCH] Running parallel searches for 10 names (max 4 concurrent)...
[PROGRESS] Starting search for: Abiy Ahmed Ali
[PROGRESS] Name: 'Abiy Ahmed Ali' | Query: 'Abiy Ahmed Ali "Purdue University"'
[PROGRESS] Starting search for: Filler Person 34
[PROGRESS] Name: 'Filler Person 34' | Query: 'Filler Person 34 "Purdue University"'
[PROGRESS] Starting search for: Filler Person 37
[PROGRESS] Name: 'Filler Person 37' | Query: 'Filler Person 37 "Purdue University"'
[PROGRESS] Starting search for: Aleksey Yekimov
[PROGRESS] Name: 'Aleksey Yekimov' | Query: 'Aleksey Yekimov "Purdue University"'
[PROGRESS] Result sample: viper.com https://www.viper.com
[PROGRESS] Basic search returned 10 results, low quality (max_score=1), escalating to enhanced search...
[PROGRESS] Result sample: clevelandclinic.org https://my.clevelandclinic.org ΓÇ║ health ΓÇ║ treatments
[PROGRESS] Basic search returned 10 results, low quality (max_score=1), escalating to enhanced search...
[PROGRESS] Result sample: clevelandclinic.org https://my.clevelandclinic.org ΓÇ║ health ΓÇ║ treatments
[PROGRESS] Basic search returned 10 results, low quality (max_score=1), escalating to enhanced search...
[PROGRESS] Result sample: answers.com https://www.answers.com ΓÇ║ law-and-legal-issues ΓÇ║ Why-do-i-keep-getti
[PROGRESS] Basic search returned 10 results, low quality (max_score=1), escalating to enhanced search...
[ERROR] Search timed out for Filler Person 34 after 45.0s (limit: 45.0s)
[PROGRESS] Starting search for: Filler Person 35
[PROGRESS] Name: 'Filler Person 35' | Query: 'Filler Person 35 "Purdue University"'
[ERROR] Search timed out for Filler Person 37 after 45.0s (limit: 45.0s)
[PROGRESS] Starting search for: Filler Person 33
[PROGRESS] Name: 'Filler Person 33' | Query: 'Filler Person 33 "Purdue University"'
[PROGRESS] Search completed for Abiy Ahmed Ali in 62.2s, found 9 results
[PROGRESS] Starting search for: Filler Person 36
[PROGRESS] Name: 'Filler Person 36' | Query: 'Filler Person 36 "Purdue University"'
[PROGRESS] Search completed for Aleksey Yekimov in 62.8s, found 15 results
[PROGRESS] Starting search for: Filler Person 39
[PROGRESS] Name: 'Filler Person 39' | Query: 'Filler Person 39 "Purdue University"'
[PROGRESS] Result sample: clevelandclinic.org https://my.clevelandclinic.org ΓÇ║ health ΓÇ║ treatments
[PROGRESS] Basic search returned 10 results, low quality (max_score=1), escalating to enhanced search...
[PROGRESS] Result sample: clevelandclinic.org https://my.clevelandclinic.org ΓÇ║ health ΓÇ║ treatments
[PROGRESS] Basic search returned 10 results, low quality (max_score=1), escalating to enhanced search...
[PROGRESS] Result sample: clevelandclinic.org https://my.clevelandclinic.org ΓÇ║ health ΓÇ║ treatments
[PROGRESS] Basic search returned 10 results, low quality (max_score=1), escalating to enhanced search...
[PROGRESS] Result sample: Facial fillers for wrinkles - Mayo Clinic
[PROGRESS] Basic search returned 1 results, few results, escalating to enhanced search...
[ERROR] Search timed out for Filler Person 35 after 45.0s (limit: 45.0s)
[PROGRESS] Starting search for: Filler Person 32
[PROGRESS] Name: 'Filler Person 32' | Query: 'Filler Person 32 "Purdue University"'
[ERROR] Search timed out for Filler Person 33 after 45.0s (limit: 45.0s)
[PROGRESS] Starting search for: Filler Person 38
[PROGRESS] Name: 'Filler Person 38' | Query: 'Filler Person 38 "Purdue University"'
[ERROR] Search timed out for Filler Person 36 after 45.0s (limit: 45.0s)
[ERROR] Search timed out for Filler Person 39 after 45.0s (limit: 45.0s)
[PROGRESS] Result sample: clevelandclinic.org https://my.clevelandclinic.org ΓÇ║ health ΓÇ║ treatments
[PROGRESS] Basic search returned 10 results, low quality (max_score=1), escalating to enhanced search...
[PROGRESS] Result sample: clevelandclinic.org https://my.clevelandclinic.org ΓÇ║ health ΓÇ║ treatments
[PROGRESS] Basic search returned 10 results, low quality (max_score=1), escalating to enhanced search...
[ERROR] Search timed out for Filler Person 32 after 45.0s (limit: 45.0s)
[ERROR] Search timed out for Filler Person 38 after 45.0s (limit: 45.0s)
[SEARCH] Search succeeded for Abiy Ahmed Ali: 9 results
[SEARCH] Search succeeded for Aleksey Yekimov: 15 results
[SEARCH] Search failed for Filler Person 32: Search exceeded 45.0s timeout
[SEARCH] Search failed for Filler Person 33: Search exceeded 45.0s timeout
[SEARCH] Search failed for Filler Person 34: Search exceeded 45.0s timeout
[SEARCH] Search failed for Filler Person 35: Search exceeded 45.0s timeout
[SEARCH] Search failed for Filler Person 36: Search exceeded 45.0s timeout
[SEARCH] Search failed for Filler Person 37: Search exceeded 45.0s timeout
[SEARCH] Search failed for Filler Person 38: Search exceeded 45.0s timeout
[SEARCH] Search failed for Filler Person 39: Search exceeded 45.0s timeout
[SKIP-EVAL] Evaluating skip logic for 10 names (dataset_profile=high_connection)...
[SKIP] Skipped: Abiy Ahmed Ali - Smart skip: very low relevance (score=1, no Purdue mentions)
[SKIP] Skipped: Aleksey Yekimov - Smart skip: very low relevance (score=1, no Purdue mentions)
[SEARCH-BATCH] Completed in 137.7s - Skipped: 2, Accumulated: 0

[LLM-FLUSH] Flushing 5 remaining names...
[LLM-BATCH] Processing 5 names through LLM...
[PROGRESS] Starting LLM analysis for: Esther Duflo
[PROGRESS] Starting LLM analysis for: Daniel L McFadden
[PROGRESS] Starting LLM analysis for: Ei-ichi Negishi
[PROGRESS] Starting LLM analysis for: Wolfgang Pauli
[PROGRESS] Starting LLM analysis for: Eisaku Sato
[PROGRESS] LLM analysis completed for Daniel L McFadden in 4.1s
[PROGRESS] LLM analysis completed for Ei-ichi Negishi in 4.3s
[PROGRESS] LLM analysis completed for Esther Duflo in 4.3s
[PROGRESS] LLM analysis completed for Eisaku Sato in 4.5s
[PROGRESS] LLM analysis completed for Wolfgang Pauli in 4.6s
[LLM-BATCH] LLM succeeded for Esther Duflo
[LLM-BATCH] LLM succeeded for Daniel L McFadden
[LLM-BATCH] LLM succeeded for Ei-ichi Negishi
[LLM-BATCH] LLM succeeded for Wolfgang Pauli
[LLM-BATCH] LLM succeeded for Eisaku Sato
[LLM-BATCH] Batch completed in 4.6s

[PIPELINE] Assembling final results in original order...

[PIPELINE] ===== COMPLETED (DYNAMIC BATCHING) =====
[PIPELINE] Total time: 564.1s
[PIPELINE] Average per name: 14.1s
[PIPELINE] Total names: 40
[PIPELINE] Skipped: 0 (0.0%)
[PIPELINE] LLM processed: 5 (12.5%)
[PIPELINE] Total results: 40

≡ƒôè Test Results
   Total Time: 564.1s
   Avg per name: 14.10s

   VIP Verification:
   Γ¥î Akira Suzuki: not_connected - Error: Search failed: Search exceeded 45.0s timeout
   Γ¥î Ei-ichi Negishi: not_connected - None of the provided search findings mention Ei-ichi Negishi in connection with Purdue University; all sources relate to emotional intelligence and do not reference Negishi or any affiliation with Purdue.
   Γ¥î Herbert C. Brown: not_connected - Error: Search failed: Search exceeded 45.0s timeout
   Γ¥î John B. Fenn: not_connected - Error: Search failed: Search exceeded 45.0s timeout
   Γ¥î Vernon L. Smith: not_connected - Error: Search failed: Search exceeded 45.0s timeout
   Γ¥î Ben R. Mottelson: not_connected - Smart skip: very low relevance (score=1, no Purdue mentions)
   Γ¥î E. M. Purcell: not_connected - Error: Search failed: Search exceeded 45.0s timeout
   Γ¥î Julian Schwinger: not_connected - Error: Search failed: Search exceeded 45.0s timeout
   Γ¥î Wolfgang Pauli: not_connected - The provided search findings (Wikipedia pages for 'Wolfgang', 'Wolfgang Amadeus Mozart', and a disambiguation page) contain no mention of Wolfgang Pauli having any alumni, student, faculty, staff, executive, postdoctoral, visiting, or other direct role at Purdue University.

   Score: 0/9

Γ¥î FAILURE: Missed VIPs
